   Marginalia
   ──────────────────────────────────────

   A paragraph with bold, italic, bold
   italic, struck and highlighted text,
   `inline code`, math $a^2 + b^2$, a
   #tag and a #nested/tag, a footnote[1]
   and an undefined one[^nope].

   Links: Target, labelled, Target ›
   Section, Marginalia, No such heading,
   Ghost, local, web ↗, https://
   example.com ↗, and a long bare one
   example.net… ↗.

   A hard break follows
   and here is the next line. A
   also
   breaks. Hidden text and

   more.

   Escape \x1b in text: before[31mafter.
   Tab inside.


   ────────────
   1. The footnote text, long enough to
      wrap when the page is narrow enough
      to need it.
