   * one
   * two
     - two point one
       + deep
         + deeper still keeps the last bullet
   * three

   1. first
   2. second
      1. nested ordered
   3. third

    8) eight
    9) nine
   10) ten

   [ ] open task  overdue 1 Oct
   [x] done task
   [/] doing task  due today
   [-] cancelled task
   [?] custom state
   [ ] future task  !  due 25 Dec

   * loose item one

   * loose item two with a continuation line

     and a second paragraph
